<html>
<body>
<pre>
<h1>µVision Build Log</h1>
<h2>Tool Versions:</h2>
IDE-Version: ¦ÌVision V5.14.1
Copyright (C) 2015 ARM Ltd and ARM Germany GmbH. All rights reserved.
License Information: Cortex-M4, aa, LIC=65IVE-5GDYK-PCYJ8-3ZZEI-3FT8E-YAIHL
 
Tool Versions:
Toolchain:       MDK-ARM Standard  Version: 5.14.0.0
Toolchain Path:  D:\Program Files\Keil v5\ARM\ARMCC\Bin
C Compiler:      Armcc.exe V5.05 update 1 (build 106)
Assembler:       Armasm.exe V5.05 update 1 (build 106)
Linker/Locator:  ArmLink.exe V5.05 update 1 (build 106)
Library Manager: ArmAr.exe V5.05 update 1 (build 106)
Hex Converter:   FromElf.exe V5.05 update 1 (build 106)
CPU DLL:         SARMCM3.DLL V5.14.0.0
Dialog DLL:      DCM.DLL V1.13.1.0
Target DLL:      Segger\JL2CM3.dll V2.99.13.0
Dialog DLL:      TCM.DLL V1.14.4.0
 
<h2>Project:</h2>
F:\GitHub\DuctedFans_1\Myprogram\project\my_project.uvprojx
Project File Date:  08/23/2015

<h2>Output:</h2>
*** Using Compiler 'V5.05 update 1 (build 106)', folder: 'D:\Program Files\Keil v5\ARM\ARMCC\Bin'
Build target 'Target 1'
compiling system_stm32f4xx.c...
compiling stm32f4xx_gpio.c...
compiling stm32f4xx_rcc.c...
compiling stm32f4xx_usart.c...
compiling stm32f4xx_dma.c...
compiling stm32f4xx_tim.c...
compiling stm32f4xx_exti.c...
compiling misc.c...
compiling stm32f4xx_syscfg.c...
compiling stm32f4xx_spi.c...
compiling led.c...
compiling usart.c...
compiling pwm.c...
compiling receive.c...
compiling at25512.c...
compiling w25q16.c...
compiling mpu9250.c...
compiling ms5803.c...
compiling MavlinkProtocol.c...
..\program\mavlink\common\../mavlink_conversions.h(80): warning:  #167-D: argument of type "float (*)[3]" is incompatible with parameter of type "const float (*)[3]"
      mavlink_dcm_to_euler(dcm, roll, pitch, yaw);
..\program\mavlink\common\./mavlink_msg_heartbeat.h(255): warning:  #191-D: type qualifier is meaningless on cast type
        return _MAV_RETURN_uint8_t(msg,  4);
..\program\mavlink\common\./mavlink_msg_heartbeat.h(265): warning:  #191-D: type qualifier is meaningless on cast type
        return _MAV_RETURN_uint8_t(msg,  5);
..\program\mavlink\common\./mavlink_msg_heartbeat.h(275): warning:  #191-D: type qualifier is meaningless on cast type
        return _MAV_RETURN_uint8_t(msg,  6);
..\program\mavlink\common\./mavlink_msg_heartbeat.h(295): warning:  #191-D: type qualifier is meaningless on cast type
        return _MAV_RETURN_uint8_t(msg,  7);
..\program\mavlink\common\./mavlink_msg_heartbeat.h(305): warning:  #191-D: type qualifier is meaningless on cast type
        return _MAV_RETURN_uint8_t(msg,  8);
..\program\mavlink\common\./mavlink_msg_sys_status.h(409): warning:  #191-D: type qualifier is meaningless on cast type
        return _MAV_RETURN_int8_t(msg,  30);
..\program\mavlink\common\./mavlink_msg_ping.h(252): warning:  #191-D: type qualifier is meaningless on cast type
        return _MAV_RETURN_uint8_t(msg,  12);
..\program\mavlink\common\./mavlink_msg_ping.h(262): warning:  #191-D: type qualifier is meaningless on cast type
        return _MAV_RETURN_uint8_t(msg,  13);
..\program\mavlink\common\./mavlink_msg_change_operator_control.h(224): warning:  #191-D: type qualifier is meaningless on cast type
        return _MAV_RETURN_uint8_t(msg,  0);
..\program\mavlink\common\./mavlink_msg_change_operator_control.h(234): warning:  #191-D: type qualifier is meaningless on cast type
        return _MAV_RETURN_uint8_t(msg,  1);
..\program\mavlink\common\./mavlink_msg_change_operator_control.h(244): warning:  #191-D: type qualifier is meaningless on cast type
        return _MAV_RETURN_uint8_t(msg,  2);
..\program\mavlink\common\./mavlink_msg_change_operator_control_ack.h(219): warning:  #191-D: type qualifier is meaningless on cast type
        return _MAV_RETURN_uint8_t(msg,  0);
..\program\mavlink\common\./mavlink_msg_change_operator_control_ack.h(229): warning:  #191-D: type qualifier is meaningless on cast type
        return _MAV_RETURN_uint8_t(msg,  1);
..\program\mavlink\common\./mavlink_msg_change_operator_control_ack.h(239): warning:  #191-D: type qualifier is meaningless on cast type
        return _MAV_RETURN_uint8_t(msg,  2);
..\program\mavlink\common\./mavlink_msg_set_mode.h(219): warning:  #191-D: type qualifier is meaningless on cast type
        return _MAV_RETURN_uint8_t(msg,  4);
..\program\mavlink\common\./mavlink_msg_set_mode.h(229): warning:  #191-D: type qualifier is meaningless on cast type
        return _MAV_RETURN_uint8_t(msg,  5);
..\program\mavlink\common\./mavlink_msg_param_request_read.h(224): warning:  #191-D: type qualifier is meaningless on cast type
        return _MAV_RETURN_uint8_t(msg,  2);
..\program\mavlink\common\./mavlink_msg_param_request_read.h(234): warning:  #191-D: type qualifier is meaningless on cast type
        return _MAV_RETURN_uint8_t(msg,  3);
..\program\mavlink\common\./mavlink_msg_param_request_list.h(206): warning:  #191-D: type qualifier is meaningless on cast type
        return _MAV_RETURN_uint8_t(msg,  0);
..\program\mavlink\common\./mavlink_msg_param_request_list.h(216): warning:  #191-D: type qualifier is meaningless on cast type
        return _MAV_RETURN_uint8_t(msg,  1);
..\program\mavlink\common\./mavlink_msg_param_value.h(257): warning:  #191-D: type qualifier is meaningless on cast type
        return _MAV_RETURN_uint8_t(msg,  24);
..\program\mavlink\common\./mavlink_msg_param_set.h(237): warning:  #191-D: type qualifier is meaningless on cast type
        return _MAV_RETURN_uint8_t(msg,  4);
..\program\mavlink\common\./mavlink_msg_param_set.h(247): warning:  #191-D: type qualifier is meaningless on cast type
        return _MAV_RETURN_uint8_t(msg,  5);
..\program\mavlink\common\./mavlink_msg_param_set.h(277): warning:  #191-D: type qualifier is meaningless on cast type
        return _MAV_RETURN_uint8_t(msg,  22);
..\program\mavlink\common\./mavlink_msg_gps_raw_int.h(320): warning:  #191-D: type qualifier is meaningless on cast type
        return _MAV_RETURN_uint8_t(msg,  28);
..\program\mavlink\common\./mavlink_msg_gps_raw_int.h(400): warning:  #191-D: type qualifier is meaningless on cast type
        return _MAV_RETURN_uint8_t(msg,  29);
..\program\mavlink\common\./mavlink_msg_gps_status.h(254): warning:  #191-D: type qualifier is meaningless on cast type
        return _MAV_RETURN_uint8_t(msg,  0);
..\program\mavlink\common\./mavlink_msg_rc_channels_scaled.h(333): warning:  #191-D: type qualifier is meaningless on cast type
        return _MAV_RETURN_uint8_t(msg,  20);
..\program\mavlink\common\./mavlink_msg_rc_channels_scaled.h(423): warning:  #191-D: type qualifier is meaningless on cast type
        return _MAV_RETURN_uint8_t(msg,  21);
..\program\mavlink\common\./mavlink_msg_rc_channels_raw.h(333): warning:  #191-D: type qualifier is meaningless on cast type
        return _MAV_RETURN_uint8_t(msg,  20);
..\program\mavlink\common\./mavlink_msg_rc_channels_raw.h(423): warning:  #191-D: type qualifier is meaningless on cast type
        return _MAV_RETURN_uint8_t(msg,  21);
..\program\mavlink\common\./mavlink_msg_servo_output_raw.h(320): warning:  #191-D: type qualifier is meaningless on cast type
        return _MAV_RETURN_uint8_t(msg,  20);
..\program\mavlink\common\./mavlink_msg_mission_request_partial_list.h(232): warning:  #191-D: type qualifier is meaningless on cast type
        return _MAV_RETURN_uint8_t(msg,  4);
..\program\mavlink\common\./mavlink_msg_mission_request_partial_list.h(242): warning:  #191-D: type qualifier is meaningless on cast type
        return _MAV_RETURN_uint8_t(msg,  5);
..\program\mavlink\common\./mavlink_msg_mission_write_partial_list.h(232): warning:  #191-D: type qualifier is meaningless on cast type
        return _MAV_RETURN_uint8_t(msg,  4);
..\program\mavlink\common\./mavlink_msg_mission_write_partial_list.h(242): warning:  #191-D: type qualifier is meaningless on cast type
        return _MAV_RETURN_uint8_t(msg,  5);
..\program\mavlink\common\./mavlink_msg_mission_item.h(362): warning:  #191-D: type qualifier is meaningless on cast type
        return _MAV_RETURN_uint8_t(msg,  32);
..\program\mavlink\common\./mavlink_msg_mission_item.h(372): warning:  #191-D: type qualifier is meaningless on cast type
        return _MAV_RETURN_uint8_t(msg,  33);
..\program\mavlink\common\./mavlink_msg_mission_item.h(392): warning:  #191-D: type qualifier is meaningless on cast type
        return _MAV_RETURN_uint8_t(msg,  34);
..\program\mavlink\common\./mavlink_msg_mission_item.h(412): warning:  #191-D: type qualifier is meaningless on cast type
        return _MAV_RETURN_uint8_t(msg,  35);
..\program\mavlink\common\./mavlink_msg_mission_item.h(422): warning:  #191-D: type qualifier is meaningless on cast type
        return _MAV_RETURN_uint8_t(msg,  36);
..\program\mavlink\common\./mavlink_msg_mission_request.h(219): warning:  #191-D: type qualifier is meaningless on cast type
        return _MAV_RETURN_uint8_t(msg,  2);
..\program\mavlink\common\./mavlink_msg_mission_request.h(229): warning:  #191-D: type qualifier is meaningless on cast type
        return _MAV_RETURN_uint8_t(msg,  3);
..\program\mavlink\common\./mavlink_msg_mission_set_current.h(219): warning:  #191-D: type qualifier is meaningless on cast type
        return _MAV_RETURN_uint8_t(msg,  2);
..\program\mavlink\common\./mavlink_msg_mission_set_current.h(229): warning:  #191-D: type qualifier is meaningless on cast type
        return _MAV_RETURN_uint8_t(msg,  3);
..\program\mavlink\common\./mavlink_msg_mission_request_list.h(206): warning:  #191-D: type qualifier is meaningless on cast type
        return _MAV_RETURN_uint8_t(msg,  0);
..\program\mavlink\common\./mavlink_msg_mission_request_list.h(216): warning:  #191-D: type qualifier is meaningless on cast type
        return _MAV_RETURN_uint8_t(msg,  1);
..\program\mavlink\common\./mavlink_msg_mission_count.h(219): warning:  #191-D: type qualifier is meaningless on cast type
        return _MAV_RETURN_uint8_t(msg,  2);
..\program\mavlink\common\./mavlink_msg_mission_count.h(229): warning:  #191-D: type qualifier is meaningless on cast type
        return _MAV_RETURN_uint8_t(msg,  3);
..\program\mavlink\common\./mavlink_msg_mission_clear_all.h(206): warning:  #191-D: type qualifier is meaningless on cast type
        return _MAV_RETURN_uint8_t(msg,  0);
..\program\mavlink\common\./mavlink_msg_mission_clear_all.h(216): warning:  #191-D: type qualifier is meaningless on cast type
        return _MAV_RETURN_uint8_t(msg,  1);
..\program\mavlink\common\./mavlink_msg_mission_ack.h(219): warning:  #191-D: type qualifier is meaningless on cast type
        return _MAV_RETURN_uint8_t(msg,  0);
..\program\mavlink\common\./mavlink_msg_mission_ack.h(229): warning:  #191-D: type qualifier is meaningless on cast type
        return _MAV_RETURN_uint8_t(msg,  1);
..\program\mavlink\common\./mavlink_msg_mission_ack.h(239): warning:  #191-D: type qualifier is meaningless on cast type
        return _MAV_RETURN_uint8_t(msg,  2);
..\program\mavlink\common\./mavlink_msg_set_gps_global_origin.h(232): warning:  #191-D: type qualifier is meaningless on cast type
        return _MAV_RETURN_uint8_t(msg,  12);
..\program\mavlink\common\./mavlink_msg_set_local_position_setpoint.h(271): warning:  #191-D: type qualifier is meaningless on cast type
        return _MAV_RETURN_uint8_t(msg,  16);
..\program\mavlink\common\./mavlink_msg_set_local_position_setpoint.h(281): warning:  #191-D: type qualifier is meaningless on cast type
        return _MAV_RETURN_uint8_t(msg,  17);
..\program\mavlink\common\./mavlink_msg_set_local_position_setpoint.h(291): warning:  #191-D: type qualifier is meaningless on cast type
        return _MAV_RETURN_uint8_t(msg,  18);
..\program\mavlink\common\./mavlink_msg_local_position_setpoint.h(245): warning:  #191-D: type qualifier is meaningless on cast type
        return _MAV_RETURN_uint8_t(msg,  16);
..\program\mavlink\common\./mavlink_msg_global_position_setpoint_int.h(245): warning:  #191-D: type qualifier is meaningless on cast type
        return _MAV_RETURN_uint8_t(msg,  14);
..\program\mavlink\common\./mavlink_msg_set_global_position_setpoint_int.h(245): warning:  #191-D: type qualifier is meaningless on cast type
        return _MAV_RETURN_uint8_t(msg,  14);
..\program\mavlink\common\./mavlink_msg_safety_set_allowed_area.h(297): warning:  #191-D: type qualifier is meaningless on cast type
        return _MAV_RETURN_uint8_t(msg,  24);
..\program\mavlink\common\./mavlink_msg_safety_set_allowed_area.h(307): warning:  #191-D: type qualifier is meaningless on cast type
        return _MAV_RETURN_uint8_t(msg,  25);
..\program\mavlink\common\./mavlink_msg_safety_set_allowed_area.h(317): warning:  #191-D: type qualifier is meaningless on cast type
        return _MAV_RETURN_uint8_t(msg,  26);
..\program\mavlink\common\./mavlink_msg_safety_allowed_area.h(271): warning:  #191-D: type qualifier is meaningless on cast type
        return _MAV_RETURN_uint8_t(msg,  24);
..\program\mavlink\common\./mavlink_msg_set_roll_pitch_yaw_thrust.h(258): warning:  #191-D: type qualifier is meaningless on cast type
        return _MAV_RETURN_uint8_t(msg,  16);
..\program\mavlink\common\./mavlink_msg_set_roll_pitch_yaw_thrust.h(268): warning:  #191-D: type qualifier is meaningless on cast type
        return _MAV_RETURN_uint8_t(msg,  17);
..\program\mavlink\common\./mavlink_msg_set_roll_pitch_yaw_speed_thrust.h(258): warning:  #191-D: type qualifier is meaningless on cast type
        return _MAV_RETURN_uint8_t(msg,  16);
..\program\mavlink\common\./mavlink_msg_set_roll_pitch_yaw_speed_thrust.h(268): warning:  #191-D: type qualifier is meaningless on cast type
        return _MAV_RETURN_uint8_t(msg,  17);
..\program\mavlink\common\./mavlink_msg_set_quad_motors_setpoint.h(245): warning:  #191-D: type qualifier is meaningless on cast type
        return _MAV_RETURN_uint8_t(msg,  8);
..\program\mavlink\common\./mavlink_msg_set_quad_swarm_roll_pitch_yaw_thrust.h(253): warning:  #191-D: type qualifier is meaningless on cast type
        return _MAV_RETURN_uint8_t(msg,  32);
..\program\mavlink\common\./mavlink_msg_set_quad_swarm_roll_pitch_yaw_thrust.h(263): warning:  #191-D: type qualifier is meaningless on cast type
        return _MAV_RETURN_uint8_t(msg,  33);
..\program\mavlink\common\./mavlink_msg_set_quad_swarm_led_roll_pitch_yaw_thrust.h(295): warning:  #191-D: type qualifier is meaningless on cast type
        return _MAV_RETURN_uint8_t(msg,  32);
..\program\mavlink\common\./mavlink_msg_set_quad_swarm_led_roll_pitch_yaw_thrust.h(305): warning:  #191-D: type qualifier is meaningless on cast type
        return _MAV_RETURN_uint8_t(msg,  33);
..\program\mavlink\common\./mavlink_msg_rc_channels.h(463): warning:  #191-D: type qualifier is meaningless on cast type
        return _MAV_RETURN_uint8_t(msg,  40);
..\program\mavlink\common\./mavlink_msg_rc_channels.h(653): warning:  #191-D: type qualifier is meaningless on cast type
        return _MAV_RETURN_uint8_t(msg,  41);
..\program\mavlink\common\./mavlink_msg_request_data_stream.h(245): warning:  #191-D: type qualifier is meaningless on cast type
        return _MAV_RETURN_uint8_t(msg,  2);
..\program\mavlink\common\./mavlink_msg_request_data_stream.h(255): warning:  #191-D: type qualifier is meaningless on cast type
        return _MAV_RETURN_uint8_t(msg,  3);
..\program\mavlink\common\./mavlink_msg_request_data_stream.h(265): warning:  #191-D: type qualifier is meaningless on cast type
        return _MAV_RETURN_uint8_t(msg,  4);
..\program\mavlink\common\./mavlink_msg_request_data_stream.h(285): warning:  #191-D: type qualifier is meaningless on cast type
        return _MAV_RETURN_uint8_t(msg,  5);
..\program\mavlink\common\./mavlink_msg_data_stream.h(219): warning:  #191-D: type qualifier is meaningless on cast type
        return _MAV_RETURN_uint8_t(msg,  2);
..\program\mavlink\common\./mavlink_msg_data_stream.h(239): warning:  #191-D: type qualifier is meaningless on cast type
        return _MAV_RETURN_uint8_t(msg,  3);
..\program\mavlink\common\./mavlink_msg_manual_control.h(258): warning:  #191-D: type qualifier is meaningless on cast type
        return _MAV_RETURN_uint8_t(msg,  10);
..\program\mavlink\common\./mavlink_msg_rc_channels_override.h(310): warning:  #191-D: type qualifier is meaningless on cast type
        return _MAV_RETURN_uint8_t(msg,  16);
..\program\mavlink\common\./mavlink_msg_rc_channels_override.h(320): warning:  #191-D: type qualifier is meaningless on cast type
        return _MAV_RETURN_uint8_t(msg,  17);
..\program\mavlink\common\./mavlink_msg_command_long.h(323): warning:  #191-D: type qualifier is meaningless on cast type
        return _MAV_RETURN_uint8_t(msg,  30);
..\program\mavlink\common\./mavlink_msg_command_long.h(333): warning:  #191-D: type qualifier is meaningless on cast type
        return _MAV_RETURN_uint8_t(msg,  31);
..\program\mavlink\common\./mavlink_msg_command_long.h(353): warning:  #191-D: type qualifier is meaningless on cast type
        return _MAV_RETURN_uint8_t(msg,  32);
..\program\mavlink\common\./mavlink_msg_command_ack.h(216): warning:  #191-D: type qualifier is meaningless on cast type
        return _MAV_RETURN_uint8_t(msg,  2);
..\program\mavlink\common\./mavlink_msg_manual_setpoint.h(321): warning:  #191-D: type qualifier is meaningless on cast type
        return _MAV_RETURN_uint8_t(msg,  20);
..\program\mavlink\common\./mavlink_msg_manual_setpoint.h(331): warning:  #191-D: type qualifier is meaningless on cast type
        return _MAV_RETURN_uint8_t(msg,  21);
..\program\mavlink\common\./mavlink_msg_hil_controls.h(413): warning:  #191-D: type qualifier is meaningless on cast type
        return _MAV_RETURN_uint8_t(msg,  40);
..\program\mavlink\common\./mavlink_msg_hil_controls.h(423): warning:  #191-D: type qualifier is meaningless on cast type
        return _MAV_RETURN_uint8_t(msg,  41);
..\program\mavlink\common\./mavlink_msg_hil_rc_inputs_raw.h(492): warning:  #191-D: type qualifier is meaningless on cast type
        return _MAV_RETURN_uint8_t(msg,  32);
..\program\mavlink\common\./mavlink_msg_optical_flow.h(294): warning:  #191-D: type qualifier is meaningless on cast type
        return _MAV_RETURN_uint8_t(msg,  24);
..\program\mavlink\common\./mavlink_msg_optical_flow.h(344): warning:  #191-D: type qualifier is meaningless on cast type
        return _MAV_RETURN_uint8_t(msg,  25);
..\program\mavlink\common\./mavlink_msg_omnidirectional_flow.h(261): warning:  #191-D: type qualifier is meaningless on cast type
        return _MAV_RETURN_uint8_t(msg,  52);
..\program\mavlink\common\./mavlink_msg_omnidirectional_flow.h(291): warning:  #191-D: type qualifier is meaningless on cast type
        return _MAV_RETURN_uint8_t(msg,  53);
..\program\mavlink\common\./mavlink_msg_radio_status.h(271): warning:  #191-D: type qualifier is meaningless on cast type
        return _MAV_RETURN_uint8_t(msg,  4);
..\program\mavlink\common\./mavlink_msg_radio_status.h(281): warning:  #191-D: type qualifier is meaningless on cast type
        return _MAV_RETURN_uint8_t(msg,  5);
..\program\mavlink\common\./mavlink_msg_radio_status.h(291): warning:  #191-D: type qualifier is meaningless on cast type
        return _MAV_RETURN_uint8_t(msg,  6);
..\program\mavlink\common\./mavlink_msg_radio_status.h(301): warning:  #191-D: type qualifier is meaningless on cast type
        return _MAV_RETURN_uint8_t(msg,  7);
..\program\mavlink\common\./mavlink_msg_radio_status.h(311): warning:  #191-D: type qualifier is meaningless on cast type
        return _MAV_RETURN_uint8_t(msg,  8);
..\program\mavlink\common\./mavlink_msg_file_transfer_start.h(257): warning:  #191-D: type qualifier is meaningless on cast type
        return _MAV_RETURN_uint8_t(msg,  252);
..\program\mavlink\common\./mavlink_msg_file_transfer_start.h(277): warning:  #191-D: type qualifier is meaningless on cast type
        return _MAV_RETURN_uint8_t(msg,  253);
..\program\mavlink\common\./mavlink_msg_file_transfer_dir_list.h(231): warning:  #191-D: type qualifier is meaningless on cast type
        return _MAV_RETURN_uint8_t(msg,  248);
..\program\mavlink\common\./mavlink_msg_file_transfer_res.h(216): warning:  #191-D: type qualifier is meaningless on cast type
        return _MAV_RETURN_uint8_t(msg,  8);
..\program\mavlink\common\./mavlink_msg_hil_gps.h(359): warning:  #191-D: type qualifier is meaningless on cast type
        return _MAV_RETURN_uint8_t(msg,  34);
..\program\mavlink\common\./mavlink_msg_hil_gps.h(469): warning:  #191-D: type qualifier is meaningless on cast type
        return _MAV_RETURN_uint8_t(msg,  35);
..\program\mavlink\common\./mavlink_msg_hil_optical_flow.h(294): warning:  #191-D: type qualifier is meaningless on cast type
        return _MAV_RETURN_uint8_t(msg,  24);
..\program\mavlink\common\./mavlink_msg_hil_optical_flow.h(344): warning:  #191-D: type qualifier is meaningless on cast type
        return _MAV_RETURN_uint8_t(msg,  25);
..\program\mavlink\common\./mavlink_msg_log_request_list.h(232): warning:  #191-D: type qualifier is meaningless on cast type
        return _MAV_RETURN_uint8_t(msg,  4);
..\program\mavlink\common\./mavlink_msg_log_request_list.h(242): warning:  #191-D: type qualifier is meaningless on cast type
        return _MAV_RETURN_uint8_t(msg,  5);
..\program\mavlink\common\./mavlink_msg_log_request_data.h(245): warning:  #191-D: type qualifier is meaningless on cast type
        return _MAV_RETURN_uint8_t(msg,  10);
..\program\mavlink\common\./mavlink_msg_log_request_data.h(255): warning:  #191-D: type qualifier is meaningless on cast type
        return _MAV_RETURN_uint8_t(msg,  11);
..\program\mavlink\common\./mavlink_msg_log_data.h(244): warning:  #191-D: type qualifier is meaningless on cast type
        return _MAV_RETURN_uint8_t(msg,  6);
..\program\mavlink\common\./mavlink_msg_log_erase.h(206): warning:  #191-D: type qualifier is meaningless on cast type
        return _MAV_RETURN_uint8_t(msg,  0);
..\program\mavlink\common\./mavlink_msg_log_erase.h(216): warning:  #191-D: type qualifier is meaningless on cast type
        return _MAV_RETURN_uint8_t(msg,  1);
..\program\mavlink\common\./mavlink_msg_log_request_end.h(206): warning:  #191-D: type qualifier is meaningless on cast type
        return _MAV_RETURN_uint8_t(msg,  0);
..\program\mavlink\common\./mavlink_msg_log_request_end.h(216): warning:  #191-D: type qualifier is meaningless on cast type
        return _MAV_RETURN_uint8_t(msg,  1);
..\program\mavlink\common\./mavlink_msg_gps_inject_data.h(224): warning:  #191-D: type qualifier is meaningless on cast type
        return _MAV_RETURN_uint8_t(msg,  0);
..\program\mavlink\common\./mavlink_msg_gps_inject_data.h(234): warning:  #191-D: type qualifier is meaningless on cast type
        return _MAV_RETURN_uint8_t(msg,  1);
..\program\mavlink\common\./mavlink_msg_gps_inject_data.h(244): warning:  #191-D: type qualifier is meaningless on cast type
        return _MAV_RETURN_uint8_t(msg,  2);
..\program\mavlink\common\./mavlink_msg_gps2_raw.h(346): warning:  #191-D: type qualifier is meaningless on cast type
        return _MAV_RETURN_uint8_t(msg,  32);
..\program\mavlink\common\./mavlink_msg_gps2_raw.h(426): warning:  #191-D: type qualifier is meaningless on cast type
        return _MAV_RETURN_uint8_t(msg,  33);
..\program\mavlink\common\./mavlink_msg_gps2_raw.h(436): warning:  #191-D: type qualifier is meaningless on cast type
        return _MAV_RETURN_uint8_t(msg,  34);
..\program\mavlink\common\./mavlink_msg_serial_control.h(250): warning:  #191-D: type qualifier is meaningless on cast type
        return _MAV_RETURN_uint8_t(msg,  6);
..\program\mavlink\common\./mavlink_msg_serial_control.h(260): warning:  #191-D: type qualifier is meaningless on cast type
        return _MAV_RETURN_uint8_t(msg,  7);
..\program\mavlink\common\./mavlink_msg_serial_control.h(290): warning:  #191-D: type qualifier is meaningless on cast type
        return _MAV_RETURN_uint8_t(msg,  8);
..\program\mavlink\common\./mavlink_msg_data_transmission_handshake.h(271): warning:  #191-D: type qualifier is meaningless on cast type
        return _MAV_RETURN_uint8_t(msg,  10);
..\program\mavlink\common\./mavlink_msg_data_transmission_handshake.h(321): warning:  #191-D: type qualifier is meaningless on cast type
        return _MAV_RETURN_uint8_t(msg,  11);
..\program\mavlink\common\./mavlink_msg_data_transmission_handshake.h(331): warning:  #191-D: type qualifier is meaningless on cast type
        return _MAV_RETURN_uint8_t(msg,  12);
..\program\mavlink\common\./mavlink_msg_battery_status.h(323): warning:  #191-D: type qualifier is meaningless on cast type
        return _MAV_RETURN_uint8_t(msg,  22);
..\program\mavlink\common\./mavlink_msg_battery_status.h(423): warning:  #191-D: type qualifier is meaningless on cast type
        return _MAV_RETURN_int8_t(msg,  23);
..\program\mavlink\common\./mavlink_msg_setpoint_8dof.h(297): warning:  #191-D: type qualifier is meaningless on cast type
        return _MAV_RETURN_uint8_t(msg,  32);
..\program\mavlink\common\./mavlink_msg_setpoint_6dof.h(271): warning:  #191-D: type qualifier is meaningless on cast type
        return _MAV_RETURN_uint8_t(msg,  24);
..\program\mavlink\common\./mavlink_msg_memory_vect.h(234): warning:  #191-D: type qualifier is meaningless on cast type
        return _MAV_RETURN_uint8_t(msg,  2);
..\program\mavlink\common\./mavlink_msg_memory_vect.h(244): warning:  #191-D: type qualifier is meaningless on cast type
        return _MAV_RETURN_uint8_t(msg,  3);
..\program\mavlink\common\./mavlink_msg_statustext.h(198): warning:  #191-D: type qualifier is meaningless on cast type
        return _MAV_RETURN_uint8_t(msg,  0);
..\program\mavlink\common\./mavlink_msg_debug.h(229): warning:  #191-D: type qualifier is meaningless on cast type
        return _MAV_RETURN_uint8_t(msg,  8);
..\program\drivers\MavlinkProtocol.c: 141 warnings, 0 errors
compiling main.c...
..\program\main.c(48): warning:  #177-D: function "Delay" was declared but never referenced
  static void Delay(__IO uint32_t nCount)        
..\program\main.c: 1 warning, 0 errors
compiling stm32f4xx_it.c...
linking...
Program Size: Code=5596 RO-data=460 RW-data=44 ZI-data=1796  
FromELF: creating hex file...
".\Objects\my_project.axf" - 0 Error(s), 142 Warning(s).

<h2>Collection of Component include folders:</h2>
  F:\GitHub\DuctedFans_1\Myprogram\project\RTE
  D:\Program Files\Keil v5\ARM\PACK\Keil\STM32F4xx_DFP\2.4.0\Drivers\CMSIS\Device\ST\STM32F4xx\Include

<h2>Collection of Component Files used:</h2>
</pre>
</body>
</html>
